[themesbrand.com/agroxa/green/layouts-collapsed.html]
[backblue.gif]
[fade.gif]
[index.html]
[themesbrand.com/agroxa/green/assets/images/favicon.ico]
[themesbrand.com/agroxa/green/index.html]
[themesbrand.com/agroxa/green/assets/images/logo.png]
[themesbrand.com/agroxa/green/assets/images/logo-sm.png]
[themesbrand.com/agroxa/green/assets/images/users/user-4.jpg]
[themesbrand.com/agroxa/green/email-inbox.html]
[themesbrand.com/agroxa/green/email-read.html]
[themesbrand.com/agroxa/green/email-compose.html]
[themesbrand.com/agroxa/green/ui-alerts.html]
[themesbrand.com/agroxa/green/ui-buttons.html]
[themesbrand.com/agroxa/green/ui-badge.html]
[themesbrand.com/agroxa/green/ui-cards.html]
[themesbrand.com/agroxa/green/ui-carousel.html]
[themesbrand.com/agroxa/green/ui-dropdowns.html]
[themesbrand.com/agroxa/green/ui-grid.html]
[themesbrand.com/agroxa/green/ui-images.html]
[themesbrand.com/agroxa/green/ui-modals.html]
[themesbrand.com/agroxa/green/ui-pagination.html]
[themesbrand.com/agroxa/green/ui-popover-tooltips.html]
[themesbrand.com/agroxa/green/ui-progressbars.html]
[themesbrand.com/agroxa/green/ui-tabs-accordions.html]
[themesbrand.com/agroxa/green/ui-typography.html]
[themesbrand.com/agroxa/green/ui-video.html]
[themesbrand.com/agroxa/green/components-lightbox.html]
[themesbrand.com/agroxa/green/components-rangeslider.html]
[themesbrand.com/agroxa/green/components-session-timeout.html]
[themesbrand.com/agroxa/green/components-sweet-alert.html]
[themesbrand.com/agroxa/green/form-elements.html]
[themesbrand.com/agroxa/green/form-validation.html]
[themesbrand.com/agroxa/green/form-advanced.html]
[themesbrand.com/agroxa/green/form-editors.html]
[themesbrand.com/agroxa/green/form-uploads.html]
[themesbrand.com/agroxa/green/form-xeditable.html]
[themesbrand.com/agroxa/green/charts-chartist.html]
[themesbrand.com/agroxa/green/charts-chartjs.html]
[themesbrand.com/agroxa/green/charts-flot.html]
[themesbrand.com/agroxa/green/charts-c3.html]
[themesbrand.com/agroxa/green/charts-morris.html]
[themesbrand.com/agroxa/green/charts-other.html]
[themesbrand.com/agroxa/green/tables-basic.html]
[themesbrand.com/agroxa/green/tables-datatable.html]
[themesbrand.com/agroxa/green/tables-responsive.html]
[themesbrand.com/agroxa/green/tables-editable.html]
[themesbrand.com/agroxa/green/icons-material.html]
[themesbrand.com/agroxa/green/icons-ion.html]
[themesbrand.com/agroxa/green/icons-fontawesome.html]
[themesbrand.com/agroxa/green/icons-themify.html]
[themesbrand.com/agroxa/green/icons-dripicons.html]
[themesbrand.com/agroxa/green/icons-typicons.html]
[themesbrand.com/agroxa/green/calendar.html]
[themesbrand.com/agroxa/green/maps-google.html]
[themesbrand.com/agroxa/green/maps-vector.html]
[themesbrand.com/agroxa/green/layouts-dark-sidebar.html]
[themesbrand.com/agroxa/green/layouts-sidebar-user.html]
[themesbrand.com/agroxa/green/layouts-small.html]
[themesbrand.com/agroxa/green/layouts-title2.html]
[themesbrand.com/agroxa/green/pages-login.html]
[themesbrand.com/agroxa/green/pages-register.html]
[themesbrand.com/agroxa/green/pages-recoverpw.html]
[themesbrand.com/agroxa/green/pages-lock-screen.html]
[themesbrand.com/agroxa/green/pages-timeline.html]
[themesbrand.com/agroxa/green/pages-invoice.html]
[themesbrand.com/agroxa/green/pages-directory.html]
[themesbrand.com/agroxa/green/pages-blank.html]
[themesbrand.com/agroxa/green/pages-404.html]
[themesbrand.com/agroxa/green/pages-500.html]
[themesbrand.com/agroxa/green/assets/images/users/user-1.jpg]
[themesbrand.com/agroxa/green/assets/images/users/user-2.jpg]
[themesbrand.com/agroxa/green/assets/images/users/user-3.jpg]
[themesbrand.com/agroxa/green/assets/images/users/user-5.jpg]
[themesbrand.com/agroxa/green/assets/images/users/user-6.jpg]
[themesbrand.com/agroxa/green/assets/images/users/user-7.jpg]
[themesbrand.com/agroxa/green/assets/images/users/user-8.jpg]
[themesbrand.com/agroxa/green/assets/js/jquery.min.js]
[themesbrand.com/agroxa/green/assets/js/bootstrap.bundle.min.js]
[themesbrand.com/agroxa/green/assets/js/metisMenu.min.js]
[themesbrand.com/agroxa/green/assets/js/jquery.slimscroll.js]
[themesbrand.com/agroxa/green/assets/js/waves.min.js]
[themesbrand.com/agroxa/plugins/jquery-sparkline/jquery.sparkline.min.js]
[themesbrand.com/agroxa/plugins/peity/jquery.peity.min.js]
[themesbrand.com/agroxa/plugins/morris/morris.min.js]
[themesbrand.com/agroxa/plugins/raphael/raphael-min.js]
[themesbrand.com/agroxa/green/assets/pages/dashboard.js]
[themesbrand.com/agroxa/green/assets/js/app.js]
[themesbrand.com/agroxa/green/layouts-collapsed.html]
[themesbrand.com/agroxa/plugins/morris/morris.css]
[themesbrand.com/agroxa/green/assets/css/bootstrap.min.css]
[themesbrand.com/agroxa/green/assets/css/metismenu.min.css]
[themesbrand.com/agroxa/green/assets/fonts/fa-solid-900.eot]
[themesbrand.com/agroxa/green/assets/fonts/fa-solid-900d41d.eot]
[themesbrand.com/agroxa/green/assets/fonts/fa-solid-900.woff2]
[themesbrand.com/agroxa/green/assets/fonts/fa-solid-900.woff]
[themesbrand.com/agroxa/green/assets/fonts/fa-solid-900.ttf]
[themesbrand.com/agroxa/green/assets/fonts/fa-brands-400.eot]
[themesbrand.com/agroxa/green/assets/fonts/fa-brands-400d41d.eot]
[themesbrand.com/agroxa/green/assets/fonts/fa-brands-400.woff2]
[themesbrand.com/agroxa/green/assets/fonts/fa-brands-400.woff]
[themesbrand.com/agroxa/green/assets/fonts/fa-brands-400.ttf]
[themesbrand.com/agroxa/green/assets/fonts/fa-regular-400.eot]
[themesbrand.com/agroxa/green/assets/fonts/fa-regular-400d41d.eot]
[themesbrand.com/agroxa/green/assets/fonts/fa-regular-400.woff2]
[themesbrand.com/agroxa/green/assets/fonts/fa-regular-400.woff]
[themesbrand.com/agroxa/green/assets/fonts/fa-regular-400.ttf]
[themesbrand.com/agroxa/green/assets/fonts/materialdesignicons-webfontceca.eot]
[themesbrand.com/agroxa/green/assets/fonts/materialdesignicons-webfontd41d.eot]
[themesbrand.com/agroxa/green/assets/fonts/materialdesignicons-webfontceca.woff2]
[themesbrand.com/agroxa/green/assets/fonts/materialdesignicons-webfontceca.woff]
[themesbrand.com/agroxa/green/assets/fonts/materialdesignicons-webfontceca.ttf]
[themesbrand.com/agroxa/green/assets/fonts/ioniconsaa26.eot]
[themesbrand.com/agroxa/green/assets/fonts/ioniconsaa26.ttf]
[themesbrand.com/agroxa/green/assets/fonts/ioniconsaa26.woff]
[themesbrand.com/agroxa/green/assets/fonts/themify9f24.eot]
[themesbrand.com/agroxa/green/assets/fonts/themifyd41d.eot]
[themesbrand.com/agroxa/green/assets/fonts/themify9f24.woff]
[themesbrand.com/agroxa/green/assets/fonts/themify9f24.ttf]
[themesbrand.com/agroxa/green/assets/fonts/dripicons-v2.eot]
[themesbrand.com/agroxa/green/assets/fonts/dripicons-v2d41d.eot]
[themesbrand.com/agroxa/green/assets/fonts/dripicons-v2.woff]
[themesbrand.com/agroxa/green/assets/fonts/dripicons-v2.ttf]
[themesbrand.com/agroxa/green/assets/fonts/typicons.eot]
[themesbrand.com/agroxa/green/assets/fonts/typiconsd41d.eot]
[themesbrand.com/agroxa/green/assets/fonts/typicons.woff]
[themesbrand.com/agroxa/green/assets/fonts/typicons.ttf]
[themesbrand.com/agroxa/green/assets/css/icons.css]
[themesbrand.com/agroxa/green/assets/css/style.css]
[themesbrand.com/agroxa/green/index.html]
[themesbrand.com/agroxa/green/email-inbox.html]
[themesbrand.com/agroxa/green/assets/images/small/img-3.jpg]
[themesbrand.com/agroxa/green/assets/images/small/img-4.jpg]
[themesbrand.com/agroxa/green/email-read.html]
[themesbrand.com/agroxa/plugins/summernote/summernote-bs4.min.js]
[themesbrand.com/agroxa/green/email-compose.html]
[themesbrand.com/agroxa/green/ui-alerts.html]
[themesbrand.com/agroxa/green/ui-buttons.html]
[themesbrand.com/agroxa/green/ui-badge.html]
[themesbrand.com/agroxa/green/assets/images/small/img-1.jpg]
[themesbrand.com/agroxa/green/assets/images/small/img-2.jpg]
[themesbrand.com/agroxa/green/assets/images/small/img-5.jpg]
[themesbrand.com/agroxa/green/assets/images/small/img-7.jpg]
[themesbrand.com/agroxa/green/assets/images/small/img-6.jpg]
[themesbrand.com/agroxa/green/ui-cards.html]
[themesbrand.com/agroxa/green/ui-carousel.html]
[themesbrand.com/agroxa/green/ui-dropdowns.html]
[themesbrand.com/agroxa/green/ui-grid.html]
[themesbrand.com/agroxa/green/ui-images.html]
[themesbrand.com/agroxa/green/ui-modals.html]
[themesbrand.com/agroxa/green/ui-pagination.html]
[themesbrand.com/agroxa/green/ui-popover-tooltips.html]
[themesbrand.com/agroxa/green/ui-progressbars.html]
[themesbrand.com/agroxa/green/ui-tabs-accordions.html]
[themesbrand.com/agroxa/green/ui-typography.html]
[themesbrand.com/agroxa/green/ui-video.html]
[themesbrand.com/agroxa/plugins/magnific-popup/jquery.magnific-popup.min.js]
[themesbrand.com/agroxa/green/assets/pages/lightbox.js]
[themesbrand.com/agroxa/green/components-lightbox.html]
[themesbrand.com/agroxa/plugins/ion-rangeslider/ion.rangeSlider.min.js]
[themesbrand.com/agroxa/green/assets/pages/rangeslider-init.js]
[themesbrand.com/agroxa/green/components-rangeslider.html]
[themesbrand.com/agroxa/plugins/bootstrap-session-timeout/bootstrap-session-timeout.min.js]
[themesbrand.com/agroxa/green/components-session-timeout.html]
[themesbrand.com/agroxa/plugins/sweet-alert2/sweetalert2.min.js]
[themesbrand.com/agroxa/green/assets/pages/sweet-alert.init.js]
[themesbrand.com/agroxa/green/components-sweet-alert.html]
[themesbrand.com/agroxa/green/form-elements.html]
[themesbrand.com/agroxa/plugins/parsleyjs/parsley.min.js]
[themesbrand.com/agroxa/green/form-validation.html]
[themesbrand.com/agroxa/plugins/bootstrap-md-datetimepicker/js/moment-with-locales.min.js]
[themesbrand.com/agroxa/plugins/bootstrap-md-datetimepicker/js/bootstrap-material-datetimepicker.js]
[themesbrand.com/agroxa/plugins/bootstrap-colorpicker/js/bootstrap-colorpicker.min.js]
[themesbrand.com/agroxa/plugins/select2/js/select2.min.js]
[themesbrand.com/agroxa/plugins/bootstrap-maxlength/bootstrap-maxlength.min.js]
[themesbrand.com/agroxa/plugins/bootstrap-filestyle/js/bootstrap-filestyle.min.js]
[themesbrand.com/agroxa/plugins/bootstrap-touchspin/js/jquery.bootstrap-touchspin.min.js]
[themesbrand.com/agroxa/green/assets/pages/form-advanced.js]
[themesbrand.com/agroxa/green/form-advanced.html]
[themesbrand.com/agroxa/plugins/tinymce/tinymce.min.js]
[themesbrand.com/agroxa/green/form-editors.html]
[themesbrand.com/agroxa/plugins/dropzone/dist/dropzone.js]
[themesbrand.com/agroxa/green/form-uploads.html]
[themesbrand.com/agroxa/plugins/moment/moment.js]
[themesbrand.com/agroxa/plugins/x-editable/js/bootstrap-editable.min.js]
[themesbrand.com/agroxa/green/assets/pages/xeditable.js]
[themesbrand.com/agroxa/green/form-xeditable.html]
[themesbrand.com/agroxa/plugins/chartist/js/chartist.min.js]
[themesbrand.com/agroxa/plugins/chartist/js/chartist-plugin-tooltip.min.js]
[themesbrand.com/agroxa/green/assets/pages/chartist.init.js]
[themesbrand.com/agroxa/green/charts-chartist.html]
[themesbrand.com/agroxa/plugins/chart.js/chart.min.js]
[themesbrand.com/agroxa/green/assets/pages/chartjs.init.js]
[themesbrand.com/agroxa/green/charts-chartjs.html]
[themesbrand.com/agroxa/plugins/flot-chart/jquery.flot.min.js]
[themesbrand.com/agroxa/plugins/flot-chart/jquery.flot.time.js]
[themesbrand.com/agroxa/plugins/flot-chart/jquery.flot.tooltip.min.js]
[themesbrand.com/agroxa/plugins/flot-chart/jquery.flot.resize.js]
[themesbrand.com/agroxa/plugins/flot-chart/jquery.flot.pie.js]
[themesbrand.com/agroxa/plugins/flot-chart/jquery.flot.selection.js]
[themesbrand.com/agroxa/plugins/flot-chart/jquery.flot.stack.js]
[themesbrand.com/agroxa/plugins/flot-chart/curvedLines.js]
[themesbrand.com/agroxa/plugins/flot-chart/jquery.flot.crosshair.js]
[themesbrand.com/agroxa/green/assets/pages/flot.init.js]
[themesbrand.com/agroxa/green/charts-flot.html]
[themesbrand.com/agroxa/plugins/d3/d3.min.js]
[themesbrand.com/agroxa/plugins/c3/c3.min.js]
[themesbrand.com/agroxa/green/assets/pages/c3-chart-init.js]
[themesbrand.com/agroxa/green/charts-c3.html]
[themesbrand.com/agroxa/green/assets/pages/morris.init.js]
[themesbrand.com/agroxa/green/charts-morris.html]
[themesbrand.com/agroxa/plugins/jquery-knob/excanvas.js]
[themesbrand.com/agroxa/plugins/jquery-knob/jquery.knob.js]
[themesbrand.com/agroxa/green/charts-other.html]
[themesbrand.com/agroxa/green/tables-basic.html]
[themesbrand.com/agroxa/plugins/datatables/jquery.dataTables.min.js]
[themesbrand.com/agroxa/plugins/datatables/dataTables.bootstrap4.min.js]
[themesbrand.com/agroxa/plugins/datatables/dataTables.buttons.min.js]
[themesbrand.com/agroxa/plugins/datatables/buttons.bootstrap4.min.js]
[themesbrand.com/agroxa/plugins/datatables/jszip.min.js]
[themesbrand.com/agroxa/plugins/datatables/pdfmake.min.js]
[themesbrand.com/agroxa/plugins/datatables/vfs_fonts.js]
[themesbrand.com/agroxa/plugins/datatables/buttons.html5.min.js]
[themesbrand.com/agroxa/plugins/datatables/buttons.print.min.js]
[themesbrand.com/agroxa/plugins/datatables/buttons.colVis.min.js]
[themesbrand.com/agroxa/plugins/datatables/dataTables.responsive.min.js]
[themesbrand.com/agroxa/plugins/datatables/responsive.bootstrap4.min.js]
[themesbrand.com/agroxa/green/assets/pages/datatables.init.js]
[themesbrand.com/agroxa/green/tables-datatable.html]
[themesbrand.com/agroxa/plugins/RWD-Table-Patterns/dist/js/rwd-table.min.js]
[themesbrand.com/agroxa/green/tables-responsive.html]
[themesbrand.com/agroxa/plugins/tiny-editable/mindmup-editabletable.js]
[themesbrand.com/agroxa/plugins/tiny-editable/numeric-input-example.js]
[themesbrand.com/agroxa/green/tables-editable.html]
[themesbrand.com/agroxa/green/icons-material.html]
[themesbrand.com/agroxa/green/icons-ion.html]
[themesbrand.com/agroxa/green/icons-fontawesome.html]
[themesbrand.com/agroxa/green/icons-themify.html]
[themesbrand.com/agroxa/green/icons-dripicons.html]
[themesbrand.com/agroxa/green/icons-typicons.html]
[themesbrand.com/agroxa/plugins/jquery-ui/jquery-ui.min.js]
[themesbrand.com/agroxa/plugins/fullcalendar/js/fullcalendar.min.js]
[themesbrand.com/agroxa/green/assets/pages/calendar-init.js]
[themesbrand.com/agroxa/green/calendar.html]
[themesbrand.com/agroxa/plugins/gmaps/gmaps.min.js]
[themesbrand.com/agroxa/green/assets/pages/gmaps.js]
[themesbrand.com/agroxa/green/maps-google.html]
[themesbrand.com/agroxa/plugins/jvectormap/jquery-jvectormap-2.0.2.min.js]
[themesbrand.com/agroxa/plugins/jvectormap/jquery-jvectormap-world-mill-en.js]
[themesbrand.com/agroxa/plugins/jvectormap/gdp-data.js]
[themesbrand.com/agroxa/plugins/jvectormap/jquery-jvectormap-us-aea-en.js]
[themesbrand.com/agroxa/plugins/jvectormap/jquery-jvectormap-uk-mill-en.js]
[themesbrand.com/agroxa/plugins/jvectormap/jquery-jvectormap-us-il-chicago-mill-en.js]
[themesbrand.com/agroxa/green/assets/pages/jvectormap.init.js]
[themesbrand.com/agroxa/green/maps-vector.html]
[themesbrand.com/agroxa/green/assets/images/logo-light.png]
[themesbrand.com/agroxa/green/assets/images/logo-sm-light.png]
[themesbrand.com/agroxa/green/layouts-dark-sidebar.html]
[themesbrand.com/agroxa/green/layouts-sidebar-user.html]
[themesbrand.com/agroxa/green/layouts-small.html]
[themesbrand.com/agroxa/green/layouts-title2.html]
[themesbrand.com/agroxa/green/pages-login.html]
[themesbrand.com/agroxa/green/pages-register.html]
[themesbrand.com/agroxa/green/pages-recoverpw.html]
[themesbrand.com/agroxa/green/pages-lock-screen.html]
[themesbrand.com/agroxa/green/pages-timeline.html]
[themesbrand.com/agroxa/green/pages-invoice.html]
[themesbrand.com/agroxa/green/pages-directory.html]
[themesbrand.com/agroxa/green/pages-blank.html]
[themesbrand.com/agroxa/green/pages-404.html]
[themesbrand.com/agroxa/green/pages-500.html]
[themesbrand.com/agroxa/green/assets/fonts/fa-solid-900.svg]
[themesbrand.com/agroxa/green/assets/fonts/fa-brands-400.svg]
[themesbrand.com/agroxa/green/assets/fonts/fa-regular-400.svg]
[themesbrand.com/agroxa/green/assets/fonts/materialdesignicons-webfontceca.svg]
[themesbrand.com/agroxa/green/assets/fonts/ioniconsaa26.svg]
[themesbrand.com/agroxa/green/assets/fonts/themify9f24.svg]
[themesbrand.com/agroxa/green/assets/fonts/dripicons-v2.svg]
[themesbrand.com/agroxa/green/assets/fonts/typicons.svg]
[themesbrand.com/agroxa/plugins/summernote/font/summernote291f.eot]
[themesbrand.com/agroxa/plugins/summernote/font/summernoted41d.eot]
[themesbrand.com/agroxa/plugins/summernote/font/summernote291f.woff]
[themesbrand.com/agroxa/plugins/summernote/font/summernote291f.ttf]
[themesbrand.com/agroxa/plugins/summernote/summernote-bs4.css]
[themesbrand.com/agroxa/plugins/magnific-popup/magnific-popup.css]
[themesbrand.com/agroxa/plugins/ion-rangeslider/ion.rangeSlider.css]
[themesbrand.com/agroxa/plugins/ion-rangeslider/sprite-skin-modern.png]
[themesbrand.com/agroxa/plugins/ion-rangeslider/ion.rangeSlider.skinModern.css]
[themesbrand.com/agroxa/plugins/sweet-alert2/sweetalert2.min.css]
[themesbrand.com/agroxa/plugins/bootstrap-colorpicker/img/bootstrap-colorpicker/saturation.png]
[themesbrand.com/agroxa/plugins/bootstrap-colorpicker/img/bootstrap-colorpicker/hue.png]
[themesbrand.com/agroxa/plugins/bootstrap-colorpicker/img/bootstrap-colorpicker/alpha.png]
[themesbrand.com/agroxa/plugins/bootstrap-colorpicker/img/bootstrap-colorpicker/hue-horizontal.png]
[themesbrand.com/agroxa/plugins/bootstrap-colorpicker/img/bootstrap-colorpicker/alpha-horizontal.png]
[themesbrand.com/agroxa/plugins/bootstrap-colorpicker/css/bootstrap-colorpicker.min.css]
[themesbrand.com/agroxa/plugins/bootstrap-md-datetimepicker/css/bootstrap-material-datetimepicker.css]
[themesbrand.com/agroxa/plugins/select2/css/select2.min.css]
[themesbrand.com/agroxa/plugins/bootstrap-touchspin/css/jquery.bootstrap-touchspin.min.css]
[themesbrand.com/agroxa/plugins/dropzone/dist/dropzone.css]
[themesbrand.com/agroxa/plugins/x-editable/img/loading.gif]
[themesbrand.com/agroxa/plugins/x-editable/img/clear.png]
[themesbrand.com/agroxa/plugins/x-editable/css/bootstrap-editable.css]
[themesbrand.com/agroxa/plugins/chartist/css/chartist.min.css]
[themesbrand.com/agroxa/plugins/c3/c3.min.css]
[themesbrand.com/agroxa/plugins/datatables/dataTables.bootstrap4.min.css]
[themesbrand.com/agroxa/plugins/datatables/buttons.bootstrap4.min.css]
[themesbrand.com/agroxa/plugins/datatables/responsive.bootstrap4.min.css]
[themesbrand.com/agroxa/plugins/RWD-Table-Patterns/dist/css/rwd-table.min.css]
[themesbrand.com/agroxa/plugins/fullcalendar/css/fullcalendar.min.css]
[themesbrand.com/agroxa/plugins/jvectormap/jquery-jvectormap-2.0.2.css]
